==============================
    SYSTEM HEALTH MONITOR
==============================
Hostname   : muhammad-hasnain-VirtualBox
Date       : Mon Aug 31 08:54:10 PM PKT 2026
Uptime	   : up 1 hour, 12 minutes
==============================
CPU Usage:
57.1%
==============================
Memory Usage:
               total        used        free      shared  buff/cache   available
Mem:           3.3Gi       1.2Gi       455Mi       1.1Mi       1.9Gi       2.1Gi
Swap:          3.8Gi       928Ki       3.8Gi
==============================
Disk Usage:
Filesystem      Size  Used Avail Use% Mounted on
/dev/sda2        24G   22G  480M  98% /
==============================
Logged-in Users:
 20:54:11 up  1:12,  2 users,  load average: 1.15, 1.19, 1.18
USER     TTY      FROM             LOGIN@   IDLE   JCPU   PCPU  WHAT
muhammad          192.168.56.1     19:42           0.00s  0.02s sshd-session: muhammad-hasnain [priv]
muhammad pts/0    192.168.56.1     19:42    3.00s  0.57s  0.48s sudo -i
==============================
./health_monitor.sh: line 43: [DISK_USAGE: command not found
Disk Usage is normal
