==============================
    SYSTEM HEALTH MONITOR
==============================
Hostname   : muhammad-hasnain-VirtualBox
Date       : Mon Aug 31 08:18:18 PM PKT 2026
Uptime	   : up 36 minutes
==============================
CPU Usage:
65.2%
==============================
Memory Usage:
               total        used        free      shared  buff/cache   available
Mem:           3.3Gi       1.2Gi       764Mi       1.1Mi       1.7Gi       2.1Gi
Swap:          3.8Gi       928Ki       3.8Gi
==============================
Disk Usage:
Filesystem      Size  Used Avail Use% Mounted on
/dev/sda2        24G   22G  572M  98% /
==============================
Logged-in Users:
 20:18:19 up 36 min,  2 users,  load average: 1.19, 1.31, 1.95
USER     TTY      FROM             LOGIN@   IDLE   JCPU   PCPU  WHAT
muhammad          192.168.56.1     19:42           0.00s  0.02s sshd-session: muhammad-hasnain [priv]
muhammad pts/0    192.168.56.1     19:42    3.00s  0.43s  0.34s sudo -i
==============================
