==============================
    SYSTEM HEALTH MONITOR
==============================
Hostname   : muhammad-hasnain-VirtualBox
Date       : Mon Aug 31 09:33:49 PM PKT 2026
Uptime	   : up 1 hour, 52 minutes
==============================
CPU Usage:
CPU Usage: 60%
CPU Usage is normal
==============================
Memory Usage:
               total        used        free      shared  buff/cache   available
Mem:           3.3Gi       1.2Gi       395Mi       1.4Mi       2.0Gi       2.1Gi
Swap:          3.8Gi       924Ki       3.8Gi
==============================
Disk Usage:
Filesystem      Size  Used Avail Use% Mounted on
/dev/sda2        24G   22G  476M  98% /
==============================
Logged-in Users:
 21:33:49 up  1:52,  2 users,  load average: 1.00, 1.05, 1.07
USER     TTY      FROM             LOGIN@   IDLE   JCPU   PCPU  WHAT
muhammad          192.168.56.1     19:42           0.00s  0.02s sshd-session: muhammad-hasnain [priv]
muhammad pts/0    192.168.56.1     19:42    5.00s  0.96s  0.87s sudo -i
==============================
WARNING: Disk Usage is above 80%!
===============================
Memory Usage: 35%
Memory Usage is normal
