==============================
    SYSTEM HEALTH MONITOR
==============================
Hostname   : muhammad-hasnain-VirtualBox
Date       : Wed Sep  2 08:17:21 PM PKT 2026
Uptime	   : up 11 minutes
==============================
CPU Usage:
CPU Usage: 60.9%
CPU Usage is normal
==============================
Memory Usage:
               total        used        free      shared  buff/cache   available
Mem:           3.3Gi       1.3Gi       200Mi        40Mi       2.1Gi       2.0Gi
Swap:          3.8Gi          0B       3.8Gi
==============================
Disk Usage:
Filesystem      Size  Used Avail Use% Mounted on
/dev/sda2        24G   22G  282M  99% /
==============================
Logged-in Users:
 20:17:21 up 11 min,  4 users,  load average: 2.73, 1.56, 0.87
USER     TTY      FROM             LOGIN@   IDLE   JCPU   PCPU  WHAT
root     pts/2    -                20:17    1.00s  0.03s  0.01s sudo -i
muhammad tty2     -                20:16   11:02   0.03s  0.03s /usr/libexec/gnome-session-init-worker ubuntu
muhammad          192.168.56.1     20:06           0.00s  0.03s sshd-session: muhammad-hasnain [priv]
muhammad pts/0    192.168.56.1     20:06    2:28   0.12s  0.03s sudo -i
==============================
WARNING: Disk Usage is above 80%!
===============================
Memory Usage: 38%
Memory Usage is normal
