==============================
    SYSTEM HEALTH MONITOR
==============================
Hostname   : muhammad-hasnain-VirtualBox
Date       : Mon Aug 31 08:28:37 PM PKT 2026
Uptime	   : up 46 minutes
==============================
CPU Usage:
63.6%
==============================
Memory Usage:
               total        used        free      shared  buff/cache   available
Mem:           3.3Gi       1.2Gi       766Mi       1.1Mi       1.7Gi       2.1Gi
Swap:          3.8Gi       928Ki       3.8Gi
==============================
Disk Usage:
Filesystem      Size  Used Avail Use% Mounted on
/dev/sda2        24G   22G  571M  98% /
==============================
Logged-in Users:
 20:28:38 up 46 min,  2 users,  load average: 0.99, 1.04, 1.48
USER     TTY      FROM             LOGIN@   IDLE   JCPU   PCPU  WHAT
muhammad          192.168.56.1     19:42           0.00s  0.02s sshd-session: muhammad-hasnain [priv]
muhammad pts/0    192.168.56.1     19:42    6.00s  0.48s  0.39s sudo -i
==============================
