==============================
    SYSTEM HEALTH MONITOR
==============================
Hostname   : muhammad-hasnain-VirtualBox
Date       : Mon Aug 31 08:28:14 PM PKT 2026
Uptime	   : up 46 minutes
==============================
CPU Usage:
59.1%
==============================
Memory Usage:
               total        used        free      shared  buff/cache   available
Mem:           3.3Gi       1.2Gi       761Mi       1.1Mi       1.7Gi       2.1Gi
Swap:          3.8Gi       928Ki       3.8Gi
==============================
Disk Usage:
Filesystem      Size  Used Avail Use% Mounted on
/dev/sda2        24G   22G  571M  98% /
==============================
Logged-in Users:
 20:28:15 up 46 min,  2 users,  load average: 1.07, 1.06, 1.50
USER     TTY      FROM             LOGIN@   IDLE   JCPU   PCPU  WHAT
muhammad          192.168.56.1     19:42           0.00s  0.02s sshd-session: muhammad-hasnain [priv]
muhammad pts/0    192.168.56.1     19:42    4.00s  0.47s  0.38s sudo -i
==============================
